{[#proto: null, #class: Object, #extensible: true, #code: null] 'bar': {#value "bar_value", #writable true, #configurable false, #enumerable false}}
