{[#proto: "Foobar", #class: Object, #extensible: true, #code: undefined] }
