{[#proto: null, #class: Object, #extensible: true, #code: undefined] 'bar': {#value "foobar", #writable true, #configurable true, #enumerable false}}
