{[#proto: {[#proto: null, #class: Object, #extensible: true, #code: null] 'bar': {#value "one", #writable true, #configurable false, #enumerable false}}, #class: Object, #extensible: true, #code: null] 'bar': {#value "two", #writable true, #configurable true, #enumerable true}}
