{[#proto: null, #class: Object, #extensible: true, #code: undefined] 'bar': {#getter undefined, #setter <closure func (this, arg) { <expr> }>, #configurable true, #enumerable false}}
