{[#proto: null, #class: Object, #extensible: true, #code: null] 'foo': {#value undefined, #writable false, #configurable true, #enumerable true}}
