{[#proto: null, #class: Object, #extensible: true, #code: undefined] }
