{[#proto: null, #class: Object, #extensible: true, #code: undefined] 'foo': {#value "bar", #writable false, #configurable false, #enumerable false}}
