try
finally
Uncaught exception: {[#proto: null, #class: Object, #extensible: true, #code: undefined] }
